// Jest Snapshot v1, https://goo.gl/fbAQLP

exports[`should match with snapshot 1`] = `
<section
  className="newRequestPage"
>
  <div
    className="sideBar"
  >
    <button
      className="backButton"
    >
      Back
    </button>
  </div>
  <div
    className="mainBar"
  >
    <h2>
      What are you looking for?
    </h2>
    <form
      className="newRequestForm"
      onSubmit={[Function]}
    >
      <div
        className="inputBox"
      >
        <label
          htmlFor="product"
        >
          Product * 
        </label>
        <input
          className="newReqInput"
          id="product"
          name="product"
          required="require"
          type="text"
        />
      </div>
      <div
        className="inputBox"
      >
        <label
          htmlFor="category"
        >
          Category * 
        </label>
        <select
          className="newReqInput"
          id="category"
          name="category"
          required={true}
        >
          <option
            value=""
          >
             
          </option>
          <option
            value="Appliances"
          >
            Appliances
          </option>
          <option
            value="Baby & Kid"
          >
            Baby & Kid
          </option>
          <option
            value="Clothing & Shoes"
          >
            Clothing & Shoes
          </option>
          <option
            value="Entertainment"
          >
            Entertainment
          </option>
          <option
            value="Farm & Garden"
          >
            Farm & Garden
          </option>
          <option
            value="Furniture"
          >
            Furniture
          </option>
          <option
            value="Health & Beauty"
          >
            Health & Beauty
          </option>
          <option
            value="Household"
          >
            Household
          </option>
          <option
            value="Jewelry"
          >
            Jewelry
          </option>
          <option
            value="Materials"
          >
            Materials
          </option>
          <option
            value="Sporting Goods"
          >
            Sporting Goods
          </option>
          <option
            value="Technology"
          >
            Technology
          </option>
          <option
            value="Toys & Games"
          >
            Toys & Games
          </option>
          <option
            value="Transportation"
          >
            Transportation
          </option>
          <option
            value="Other"
          >
            Other
          </option>
        </select>
      </div>
      <div
        className="inputBox"
      >
        <label
          htmlFor="moreInfo"
        >
          More Info *
        </label>
        <textarea
          className="newReqInput"
          id="moreInfo"
          name="moreInfo"
          required="require"
          rows={10}
        />
      </div>
      <input
        className="submitRequest submitRequestButton"
        type="submit"
        value="Submit"
      />
    </form>
  </div>
</section>
`;
