// Jest Snapshot v1, https://goo.gl/fbAQLP

exports[`should match with snapshot 1`] = `
<section
  className="loginSection"
>
  <p
    className="outsideFormP"
  >
    Get the advice you need for the products you want.
  </p>
  <div
    className="loginForm"
  >
    <h2>
      <i>
        LOGIN
      </i>
    </h2>
    <form
      onSubmit={[Function]}
    >
      <div
        id="error"
        role="alert"
      />
      <p
        className="demo"
      >
        To demo, use 
        <br />
         email: test@gmail.com 
        <br />
         password: Password1
      </p>
      <div
        className="loginInputBox"
      >
        <label
          htmlFor="email"
        >
          Email *
        </label>
        <input
          className="formInput"
          id="email"
          name="email"
          required="require"
          type="text"
        />
      </div>
      <div
        className="loginInputBox"
      >
        <label
          htmlFor="password"
        >
          Password *
        </label>
        <input
          className="formInput"
          id="password"
          name="password"
          required="require"
          type="password"
        />
      </div>
      <input
        className="submitButton"
        type="submit"
        value="Submit"
      />
    </form>
  </div>
  <p
    className="outsideFormP"
  >
    New to Recommend4U? 
    <a
      className="registerLink"
      href="/register"
      onClick={[Function]}
    >
      Register.
    </a>
  </p>
</section>
`;
