// Jest Snapshot v1, https://goo.gl/fbAQLP

exports[`should match with snapshot 1`] = `
Array [
  <nav>
    <h1>
      <a
        href="/"
        onClick={[Function]}
      >
        Recommend4U
      </a>
    </h1>
    <ul>
      <li>
        <a
          className="loginButton"
          href="/login"
          onClick={[Function]}
        >
          Log In
        </a>
      </li>
    </ul>
  </nav>,
  <main
    className="App"
  >
    <section
      className="landingPage"
    >
      <div
        className="hero"
      >
        <div
          className="heroTextDiv"
        >
          <div
            className="heroText"
          >
            <h2>
              ADVICE YOU NEED
            </h2>
            <p>
              Looking at a product, but all of the options are giving you decision fatigue? 
            </p>
            <p>
              Recommend4U helps you decide which product is best to buy.
            </p>
            <a
              className="registerButton"
              href="/register"
              onClick={[Function]}
            >
              Register
            </a>
          </div>
        </div>
      </div>
      <div
        className="noAccountContainer"
      >
        <h3>
          NO ACCOUNT? NO WORRIES.
        </h3>
        <p>
          Someone may have already made a request for the product you're looking for. Anyone can see all existing requests without logging in.
        </p>
        <a
          className="seeExistingButton"
          href="/requests/all"
          onClick={[Function]}
        >
          See Existing Requests
        </a>
        <p>
          Or, 
          <a
            className="signinLink"
            href="/login"
            onClick={[Function]}
          >
            go to login page
          </a>
           to find demo information.
        </p>
      </div>
      <div
        className="shortContainer"
      >
        <div
          className="indivShort"
        >
          <i
            className="fas fa-mouse fa-3x"
          />
          <h4>
            EASY PROCESS
          </h4>
          <p>
            Log in and make a request for whatever product you're looking to buy.
          </p>
        </div>
        <div
          className="indivShort"
        >
          <i
            className="fas fa-users fa-3x"
          />
          <h4>
            REAL PEOPLE
          </h4>
          <p>
            Other users will advise you on their favorite, tried-and-true products.
          </p>
        </div>
        <div
          className="indivShort"
        >
          <i
            className="fas fa-shopping-cart fa-3x"
          />
          <h4>
            LESS REGRET
          </h4>
          <p>
            You'll get help narrowing down the best that's out there.
          </p>
        </div>
      </div>
    </section>
  </main>,
  <footer>
    <p>
      Created by Jessica Yip
    </p>
    <ul
      className="socialLinks"
    >
      <li>
        <a
          aria-label="linkedin link"
          href="https://linkedin.com/in/jessicayip13"
          rel="noopener noreferrer"
          target="_blank"
        >
          <i
            className="fab fa-linkedin fa-2x"
          />
        </a>
      </li>
      <li>
        <a
          aria-label="email link"
          href="mailto:jessica.f.yip@gmail.com"
          rel="noopener noreferrer"
          target="_blank"
        >
          <i
            className="fas fa-envelope-square fa-2x"
          />
        </a>
      </li>
      <li>
        <a
          aria-label="github link"
          href="https://github.com/jyip01"
          rel="noopener noreferrer"
          target="_blank"
        >
          <i
            className="fab fa-github-square fa-2x"
          />
        </a>
      </li>
    </ul>
  </footer>,
]
`;
