// Jest Snapshot v1, https://goo.gl/fbAQLP

exports[`should match with snapshot 1`] = `
<section
  className="allRequestsPage"
>
  <div
    className="filterBox filterBoxUsers"
  >
    <h2>
      YOUR REQUESTS
    </h2>
    <a
      className="newRequestButtonUsers"
      href="/newrequest"
      onClick={[Function]}
    >
      New Request
    </a>
  </div>
  <div
    className="requestsBox"
  >
    <p
      className="resultsCount"
    >
      0 Results
    </p>
    <div />
  </div>
</section>
`;
